<html>
<body>
<pre>
<h1>µVision Build Log</h1>
<h2>Project:</h2>
C:\Users\ASUS\Desktop\STM32F4\MODOYA\_M_1)ADC(10samplesAvarage)\ADC10samAVR.uvproj
Project File Date:  06/19/2018

<h2>Output:</h2>
Rebuild target 'Target 1'
compiling main.c...
compiling initFunction.c...
assembling startup_stm32f40_41xxx.s...
compiling UserFunctions.c...
compiling system_stm32f4xx.c...
linking...
Program Size: Code=1424 RO-data=424 RW-data=40 ZI-data=1832  
".\ADC10samAVR.axf" - 0 Error(s), 0 Warning(s).
M\Startup\ST\STM32F4xx\system_stm32f4xx.c: 0 warnings, 1 error
".\ADC10samAVR.axf" - 1 Error(s), 0 Warning(s).
Target not created
